$ git branch
* master
  moma
  whitney

$ git branch -D moma
Deleted branch moma (was 978e5a1).
$ git branch -D whitney
Deleted branch whitney (was 9b384f9).

$ git branch unordered-list
$ git checkout unordered-list
Switched to branch 'unordered-list'

$ git add index.html
$ git commit -m "changed description to unordered list" 
[unordered-list 8a2eb51] changed description to unordered list
 1 file changed, 6 insertions(+), 1 deletion(-)

 $ git checkout master
Switched to branch 'master'

$ git branch big-heading
$ git checkout big-heading
Switched to branch 'big-heading'

$ git add index.html
$ git commit -m "big heading" 
[big-heading 00e1544] big heading
 1 file changed, 7 insertions(+), 2 deletions(-)

 $ git checkout master
Switched to branch 'master'

$ git merge unordered-list
Updating 1481f5a..8a2eb51
Fast-forward
 index.html | 7 ++++++-
 1 file changed, 6 insertions(+), 1 deletion(-)
 
$ git merge big-heading
Auto-merging index.html
Merge made by the 'recursive' strategy.
 index.html | 2 +-
 1 file changed, 1 insertion(+), 1 deletion(-)